2026-07-09 08:21:03 - === DORMITORY ACTION STARTED ===
2026-07-09 08:21:03 - Admin ID: 32
2026-07-09 08:21:03 - Current School ID from session: 1
2026-07-09 08:21:03 - POST data: Array
(
)

2026-07-09 08:21:03 - No action specified, redirecting back
2026-07-09 09:04:23 - === DORMITORY ACTION STARTED ===
2026-07-09 09:04:23 - Admin ID: 32
2026-07-09 09:04:23 - School ID: 1
2026-07-09 09:04:23 - POST data: Array
(
)

2026-07-09 09:04:23 - No action specified, redirecting back
2026-07-09 09:20:46 - === DORMITORY ACTION STARTED ===
2026-07-09 09:20:46 - Admin ID: 32
2026-07-09 09:20:46 - School ID: 1
2026-07-09 09:20:46 - POST data: Array
(
)

2026-07-09 09:20:46 - No action specified, redirecting back
2026-07-09 09:59:36 - === DORMITORY ACTION STARTED ===
2026-07-09 09:59:36 - Admin ID: 32
2026-07-09 09:59:36 - School ID: 1
2026-07-09 09:59:36 - POST data: Array
(
)

2026-07-09 09:59:36 - No action specified, redirecting back
